[train] loading processor + backbone (device=cuda, lora_r=64)
[train] answer_fit rows=11939 confidence_fit rows=2558
[train] trainable params: 28,330,882
[train] step 1/500 loss=2.0895 answer=1.3896 agreement=0.6999 (4.6s)
[train] step 10/500 loss=1.8329 answer=1.3086 agreement=0.5243 (33.1s)
[train] step 20/500 loss=1.5779 answer=1.0889 agreement=0.4889 (66.2s)
[train] step 30/500 loss=0.9533 answer=0.5626 agreement=0.3907 (99.8s)
[train] step 40/500 loss=1.2832 answer=1.1443 agreement=0.1389 (132.4s)
[train] step 50/500 loss=1.5716 answer=1.3918 agreement=0.1798 (164.6s)
[train] step 60/500 loss=1.1860 answer=0.5740 agreement=0.6119 (196.9s)
[train] step 70/500 loss=0.3561 answer=0.1221 agreement=0.2340 (229.4s)
[train] step 80/500 loss=0.8494 answer=0.6779 agreement=0.1714 (261.2s)
[train] step 90/500 loss=0.5325 answer=0.3444 agreement=0.1881 (294.4s)
[train] step 100/500 loss=0.8139 answer=0.5749 agreement=0.2389 (325.4s)
[train] saved checkpoint at step 100 -> early_exit_probe/outputs/phase1_run1/checkpoint-100
[train] step 110/500 loss=1.3565 answer=0.8300 agreement=0.5264 (359.4s)
[train] step 120/500 loss=1.1062 answer=0.4622 agreement=0.6441 (391.1s)
[train] step 130/500 loss=1.0908 answer=0.8867 agreement=0.2041 (424.8s)
[train] step 140/500 loss=0.7659 answer=0.3824 agreement=0.3835 (457.6s)
[train] step 150/500 loss=1.1335 answer=0.8979 agreement=0.2355 (490.0s)
[train] step 160/500 loss=0.5261 answer=0.3728 agreement=0.1533 (522.3s)
[train] step 170/500 loss=0.9682 answer=0.5625 agreement=0.4057 (553.4s)
[train] step 180/500 loss=1.1308 answer=0.8253 agreement=0.3056 (584.6s)
[train] step 190/500 loss=1.6708 answer=1.3897 agreement=0.2811 (616.8s)
[train] step 200/500 loss=0.8668 answer=0.5563 agreement=0.3104 (649.0s)
[train] saved checkpoint at step 200 -> early_exit_probe/outputs/phase1_run1/checkpoint-200
[train] step 210/500 loss=0.6443 answer=0.4442 agreement=0.2001 (681.6s)
[train] step 220/500 loss=0.5972 answer=0.5366 agreement=0.0606 (714.8s)
[train] step 230/500 loss=0.6086 answer=0.4451 agreement=0.1635 (745.9s)
[train] step 240/500 loss=1.4122 answer=1.0008 agreement=0.4114 (778.5s)
[train] step 250/500 loss=0.9996 answer=0.8941 agreement=0.1055 (810.3s)
[train] step 260/500 loss=0.9022 answer=0.4858 agreement=0.4163 (842.0s)
[train] step 270/500 loss=0.4470 answer=0.3006 agreement=0.1464 (874.6s)
[train] step 280/500 loss=1.5292 answer=1.3015 agreement=0.2278 (907.4s)
[train] step 290/500 loss=0.5842 answer=0.3573 agreement=0.2269 (941.3s)
[train] step 300/500 loss=0.5930 answer=0.3701 agreement=0.2229 (974.7s)
[train] saved checkpoint at step 300 -> early_exit_probe/outputs/phase1_run1/checkpoint-300
[train] step 310/500 loss=0.8355 answer=0.5925 agreement=0.2431 (1007.7s)
[train] step 320/500 loss=1.0115 answer=0.7679 agreement=0.2436 (1040.6s)
[train] step 330/500 loss=0.5324 answer=0.2867 agreement=0.2457 (1072.2s)
[train] step 340/500 loss=1.0626 answer=0.6394 agreement=0.4231 (1103.9s)
[train] step 350/500 loss=0.6008 answer=0.2660 agreement=0.3348 (1136.7s)
[train] step 360/500 loss=1.6009 answer=1.4679 agreement=0.1331 (1168.5s)
[train] step 370/500 loss=0.8961 answer=0.7420 agreement=0.1541 (1200.7s)
[train] step 380/500 loss=0.8403 answer=0.5985 agreement=0.2418 (1232.4s)
[train] step 390/500 loss=1.3560 answer=1.0275 agreement=0.3285 (1263.9s)
[train] step 400/500 loss=1.3415 answer=1.0003 agreement=0.3412 (1295.6s)
[train] saved checkpoint at step 400 -> early_exit_probe/outputs/phase1_run1/checkpoint-400
[train] step 410/500 loss=1.3552 answer=1.2004 agreement=0.1548 (1327.7s)
[train] step 420/500 loss=0.7604 answer=0.5012 agreement=0.2592 (1359.5s)
[train] step 430/500 loss=0.8942 answer=0.5894 agreement=0.3048 (1391.9s)
[train] step 440/500 loss=2.2590 answer=1.9465 agreement=0.3125 (1423.1s)
[train] step 450/500 loss=0.4962 answer=0.3262 agreement=0.1700 (1455.0s)
[train] step 460/500 loss=1.1484 answer=0.6555 agreement=0.4928 (1487.6s)
[train] step 470/500 loss=0.7222 answer=0.4416 agreement=0.2805 (1519.9s)
[train] step 480/500 loss=1.1436 answer=0.7454 agreement=0.3982 (1551.9s)
[train] step 490/500 loss=0.8965 answer=0.7481 agreement=0.1484 (1583.2s)
[train] step 500/500 loss=0.5439 answer=0.2510 agreement=0.2929 (1616.4s)
[train] saved checkpoint at step 500 -> early_exit_probe/outputs/phase1_run1/checkpoint-500
[train] done. checkpoints in early_exit_probe/outputs/phase1_run1
