n_layers+1 = 29, train candidates = 16000, val candidates = 4580
layer  0/28: val accuracy = 0.2454
layer  1/28: val accuracy = 0.3205
layer  2/28: val accuracy = 0.3624
layer  3/28: val accuracy = 0.3782
layer  4/28: val accuracy = 0.5616
layer  5/28: val accuracy = 0.5520
layer  6/28: val accuracy = 0.5843
layer  7/28: val accuracy = 0.5790
layer  8/28: val accuracy = 0.6830
layer  9/28: val accuracy = 0.6795
layer 10/28: val accuracy = 0.6856
layer 11/28: val accuracy = 0.7266
layer 12/28: val accuracy = 0.7328
layer 13/28: val accuracy = 0.7808
layer 14/28: val accuracy = 0.7886
layer 15/28: val accuracy = 0.8079
layer 16/28: val accuracy = 0.8201
layer 17/28: val accuracy = 0.8279
layer 18/28: val accuracy = 0.8271
layer 19/28: val accuracy = 0.8253
layer 20/28: val accuracy = 0.8279
layer 21/28: val accuracy = 0.8349
layer 22/28: val accuracy = 0.8306
layer 23/28: val accuracy = 0.8358
layer 24/28: val accuracy = 0.8349
layer 25/28: val accuracy = 0.8323
layer 26/28: val accuracy = 0.8306
layer 27/28: val accuracy = 0.8279
layer 28/28: val accuracy = 0.8279
{
  "n_layers_plus1": 29,
  "n_val_questions": 1145,
  "final_layer_accuracy": 0.8279475982532751,
  "layer_accuracy_curve": [
    0.24541484716157205,
    0.3205240174672489,
    0.3624454148471616,
    0.37816593886462885,
    0.5615720524017467,
    0.5519650655021834,
    0.5842794759825327,
    0.5790393013100437,
    0.6829694323144104,
    0.6794759825327511,
    0.6855895196506551,
    0.7266375545851529,
    0.7327510917030567,
    0.7807860262008733,
    0.788646288209607,
    0.8078602620087336,
    0.8200873362445414,
    0.8279475982532751,
    0.8270742358078602,
    0.8253275109170306,
    0.8279475982532751,
    0.8349344978165939,
    0.8305676855895197,
    0.8358078602620087,
    0.8349344978165939,
    0.8323144104803494,
    0.8305676855895197,
    0.8279475982532751,
    0.8279475982532751
  ],
  "auroc_correctness": {
    "final_layer_softmax_margin": 0.8342971577887726,
    "plurality_frac_all_layers": 0.7477376898198719,
    "agree_with_final_all_layers": 0.7571912013536378,
    "vote_entropy_all_layers": 0.74067767568378,
    "plurality_frac_late_half_layers": 0.6894905652294974
  },
  "corr_with_final_margin": {
    "plurality_frac": 0.545420325573737,
    "agree_with_final": 0.5593262116350766
  },
  "accuracy_by_plurality_bin": {
    "[0.00,0.40)": {
      "n": 1,
      "accuracy": 1.0
    },
    "[0.40,0.60)": {
      "n": 162,
      "accuracy": 0.5925925925925926
    },
    "[0.60,0.80)": {
      "n": 362,
      "accuracy": 0.7596685082872928
    },
    "[0.80,1.00)": {
      "n": 620,
      "accuracy": 0.9290322580645162
    }
  },
  "late_layers_start_index": 14,
  "risk_coverage": {
    "final_softmax_margin": {
      "coverage": [
        0.0008733624454148472,
        0.05327510917030567,
        0.1056768558951965,
        0.1589519650655022,
        0.211353711790393,
        0.26375545851528387,
        0.31615720524017465,
        0.3685589519650655,
        0.4218340611353712,
        0.474235807860262,
        0.5266375545851528,
        0.5790393013100437,
        0.6323144104803493,
        0.6847161572052402,
        0.737117903930131,
        0.7895196506550218,
        0.8419213973799127,
        0.8951965065502183,
        0.9475982532751092,
        1.0
      ],
      "accuracy": [
        1.0,
        1.0,
        1.0,
        0.989010989010989,
        0.987603305785124,
        0.9867549668874173,
        0.988950276243094,
        0.990521327014218,
        0.9875776397515528,
        0.9815837937384899,
        0.9684908789386402,
        0.9668174962292609,
        0.9475138121546961,
        0.9311224489795918,
        0.919431279620853,
        0.9070796460176991,
        0.8838174273858921,
        0.8634146341463415,
        0.8442396313364056,
        0.8279475982532751
      ]
    },
    "plurality_frac_all_layers": {
      "coverage": [
        0.0008733624454148472,
        0.05327510917030567,
        0.1056768558951965,
        0.1589519650655022,
        0.211353711790393,
        0.26375545851528387,
        0.31615720524017465,
        0.3685589519650655,
        0.4218340611353712,
        0.474235807860262,
        0.5266375545851528,
        0.5790393013100437,
        0.6323144104803493,
        0.6847161572052402,
        0.737117903930131,
        0.7895196506550218,
        0.8419213973799127,
        0.8951965065502183,
        0.9475982532751092,
        1.0
      ],
      "accuracy": [
        1.0,
        0.9672131147540983,
        0.9504132231404959,
        0.9560439560439561,
        0.9545454545454546,
        0.956953642384106,
        0.9558011049723757,
        0.943127962085308,
        0.9420289855072463,
        0.9392265193370166,
        0.9303482587064676,
        0.9260935143288085,
        0.9185082872928176,
        0.9094387755102041,
        0.8933649289099526,
        0.8772123893805309,
        0.8672199170124482,
        0.8595121951219512,
        0.8460829493087557,
        0.8279475982532751
      ]
    },
    "plurality_frac_late_half": {
      "coverage": [
        0.0008733624454148472,
        0.05327510917030567,
        0.1056768558951965,
        0.1589519650655022,
        0.211353711790393,
        0.26375545851528387,
        0.31615720524017465,
        0.3685589519650655,
        0.4218340611353712,
        0.474235807860262,
        0.5266375545851528,
        0.5790393013100437,
        0.6323144104803493,
        0.6847161572052402,
        0.737117903930131,
        0.7895196506550218,
        0.8419213973799127,
        0.8951965065502183,
        0.9475982532751092,
        1.0
      ],
      "accuracy": [
        1.0,
        0.8852459016393442,
        0.9008264462809917,
        0.9120879120879121,
        0.9049586776859504,
        0.890728476821192,
        0.8950276243093923,
        0.8933649289099526,
        0.8964803312629399,
        0.8931860036832413,
        0.8905472636815921,
        0.8853695324283559,
        0.8922651933701657,
        0.8915816326530612,
        0.8898104265402843,
        0.8915929203539823,
        0.8869294605809128,
        0.871219512195122,
        0.8525345622119815,
        0.8279475982532751
      ]
    }
  }
}
